{
  "version": "1.5.0",
  "plugins_used": [
    {
      "name": "ArtifactoryDetector"
    },
    {
      "name": "AWSKeyDetector"
    },
    {
      "name": "AzureStorageKeyDetector"
    },
    {
      "name": "Base64HighEntropyString",
      "limit": 4.5
    },
    {
      "name": "BasicAuthDetector"
    },
    {
      "name": "CloudantDetector"
    },
    {
      "name": "DiscordBotTokenDetector"
    },
    {
      "name": "GitHubTokenDetector"
    },
    {
      "name": "GitLabTokenDetector"
    },
    {
      "name": "HexHighEntropyString",
      "limit": 3.0
    },
    {
      "name": "IbmCloudIamDetector"
    },
    {
      "name": "IbmCosHmacDetector"
    },
    {
      "name": "IPPublicDetector"
    },
    {
      "name": "JwtTokenDetector"
    },
    {
      "name": "KeywordDetector",
      "keyword_exclude": ""
    },
    {
      "name": "MailchimpDetector"
    },
    {
      "name": "NpmDetector"
    },
    {
      "name": "OpenAIDetector"
    },
    {
      "name": "PrivateKeyDetector"
    },
    {
      "name": "PypiTokenDetector"
    },
    {
      "name": "SendGridDetector"
    },
    {
      "name": "SlackDetector"
    },
    {
      "name": "SoftlayerDetector"
    },
    {
      "name": "SquareOAuthDetector"
    },
    {
      "name": "StripeDetector"
    },
    {
      "name": "TelegramBotTokenDetector"
    },
    {
      "name": "TwilioKeyDetector"
    }
  ],
  "filters_used": [
    {
      "path": "detect_secrets.filters.allowlist.is_line_allowlisted"
    },
    {
      "path": "detect_secrets.filters.common.is_ignored_due_to_verification_policies",
      "min_level": 2
    },
    {
      "path": "detect_secrets.filters.heuristic.is_indirect_reference"
    },
    {
      "path": "detect_secrets.filters.heuristic.is_likely_id_string"
    },
    {
      "path": "detect_secrets.filters.heuristic.is_lock_file"
    },
    {
      "path": "detect_secrets.filters.heuristic.is_not_alphanumeric_string"
    },
    {
      "path": "detect_secrets.filters.heuristic.is_potential_uuid"
    },
    {
      "path": "detect_secrets.filters.heuristic.is_prefixed_with_dollar_sign"
    },
    {
      "path": "detect_secrets.filters.heuristic.is_sequential_string"
    },
    {
      "path": "detect_secrets.filters.heuristic.is_swagger_file"
    },
    {
      "path": "detect_secrets.filters.heuristic.is_templated_secret"
    },
    {
      "path": "detect_secrets.filters.regex.should_exclude_file",
      "pattern": [
        ".git/|node_modules/|venv_slides/|.specstory/"
      ]
    }
  ],
  "results": {
    ".claude/PITFALLS.md": [
      {
        "type": "Secret Keyword",
        "filename": ".claude/PITFALLS.md",
        "hashed_secret": "bad20ce8953a58e8c0e634c770cbd5ab0644b617",
        "is_verified": false,
        "line_number": 368
      },
      {
        "type": "Secret Keyword",
        "filename": ".claude/PITFALLS.md",
        "hashed_secret": "7ddda186de329382ed4105bf487b336c98876d92",
        "is_verified": false,
        "line_number": 369
      },
      {
        "type": "Secret Keyword",
        "filename": ".claude/PITFALLS.md",
        "hashed_secret": "5eb942810a75ebc850972a89285d570d484c89c4",
        "is_verified": false,
        "line_number": 370
      }
    ],
    ".claude/commands/research.md": [
      {
        "type": "Secret Keyword",
        "filename": ".claude/commands/research.md",
        "hashed_secret": "bad20ce8953a58e8c0e634c770cbd5ab0644b617",
        "is_verified": false,
        "line_number": 148
      }
    ],
    ".claude/retrospective.md": [
      {
        "type": "Secret Keyword",
        "filename": ".claude/retrospective.md",
        "hashed_secret": "c2280d707809180bfaed02dbc63ad4f2e701bee7",
        "is_verified": false,
        "line_number": 75
      },
      {
        "type": "Secret Keyword",
        "filename": ".claude/retrospective.md",
        "hashed_secret": "db52501b6ac985f444adcb5f62db74cdc912bb40",
        "is_verified": false,
        "line_number": 76
      }
    ],
    ".pytest_cache/CACHEDIR.TAG": [
      {
        "type": "Hex High Entropy String",
        "filename": ".pytest_cache/CACHEDIR.TAG",
        "hashed_secret": "e8f8c345877b2411a59897798e422b15b0c16d76",
        "is_verified": false,
        "line_number": 1
      }
    ],
    "VERIFICATION_REPORT.md": [
      {
        "type": "GitHub Token",
        "filename": "VERIFICATION_REPORT.md",
        "hashed_secret": "e175c6f5f2a92e8623bd9a4820edb4e8c1b0fd10",
        "is_verified": false,
        "line_number": 159
      },
      {
        "type": "Base64 High Entropy String",
        "filename": "VERIFICATION_REPORT.md",
        "hashed_secret": "ff710f15aabf3e96e11af9b0bfc454eb30a5031d",
        "is_verified": false,
        "line_number": 159
      },
      {
        "type": "Secret Keyword",
        "filename": "VERIFICATION_REPORT.md",
        "hashed_secret": "f865b53623b121fd34ee5426c792e5c33af8c227",
        "is_verified": false,
        "line_number": 160
      },
      {
        "type": "Base64 High Entropy String",
        "filename": "VERIFICATION_REPORT.md",
        "hashed_secret": "d2948def6733f8dc92a2ef34baeefb1343f67883",
        "is_verified": false,
        "line_number": 161
      },
      {
        "type": "Secret Keyword",
        "filename": "VERIFICATION_REPORT.md",
        "hashed_secret": "d2948def6733f8dc92a2ef34baeefb1343f67883",
        "is_verified": false,
        "line_number": 161
      },
      {
        "type": "Private Key",
        "filename": "VERIFICATION_REPORT.md",
        "hashed_secret": "be4fc4886bd949b369d5e092eb87494f12e57e5b",
        "is_verified": false,
        "line_number": 162
      }
    ],
    "detect_secrets/.secrets.baseline": [
      {
        "type": "Hex High Entropy String",
        "filename": "detect_secrets/.secrets.baseline",
        "hashed_secret": "0ba8e1c949ac0a268864aab1fb1d1d1b5aa371f4",
        "is_verified": false,
        "line_number": 134
      },
      {
        "type": "Secret Keyword",
        "filename": "detect_secrets/.secrets.baseline",
        "hashed_secret": "0ba8e1c949ac0a268864aab1fb1d1d1b5aa371f4",
        "is_verified": false,
        "line_number": 134
      },
      {
        "type": "Hex High Entropy String",
        "filename": "detect_secrets/.secrets.baseline",
        "hashed_secret": "4668f1962f1ff83420737ce868ca621a479b77f4",
        "is_verified": false,
        "line_number": 148
      },
      {
        "type": "Secret Keyword",
        "filename": "detect_secrets/.secrets.baseline",
        "hashed_secret": "4668f1962f1ff83420737ce868ca621a479b77f4",
        "is_verified": false,
        "line_number": 148
      }
    ],
    "detect_secrets/new_secret.txt": [
      {
        "type": "Base64 High Entropy String",
        "filename": "detect_secrets/new_secret.txt",
        "hashed_secret": "e1528ab28b5ab47ea514f383a9894649d9711c11",
        "is_verified": false,
        "line_number": 2
      },
      {
        "type": "Secret Keyword",
        "filename": "detect_secrets/new_secret.txt",
        "hashed_secret": "e1528ab28b5ab47ea514f383a9894649d9711c11",
        "is_verified": false,
        "line_number": 2
      },
      {
        "type": "Secret Keyword",
        "filename": "detect_secrets/new_secret.txt",
        "hashed_secret": "90a95617d8e3081ccd8e4b982f515ac7acf991f9",
        "is_verified": false,
        "line_number": 3
      }
    ],
    "detect_secrets/test_config.py": [
      {
        "type": "GitHub Token",
        "filename": "detect_secrets/test_config.py",
        "hashed_secret": "e175c6f5f2a92e8623bd9a4820edb4e8c1b0fd10",
        "is_verified": false,
        "line_number": 2
      },
      {
        "type": "Base64 High Entropy String",
        "filename": "detect_secrets/test_config.py",
        "hashed_secret": "ff710f15aabf3e96e11af9b0bfc454eb30a5031d",
        "is_verified": false,
        "line_number": 2
      },
      {
        "type": "Secret Keyword",
        "filename": "detect_secrets/test_config.py",
        "hashed_secret": "f865b53623b121fd34ee5426c792e5c33af8c227",
        "is_verified": false,
        "line_number": 3
      },
      {
        "type": "Base64 High Entropy String",
        "filename": "detect_secrets/test_config.py",
        "hashed_secret": "d2948def6733f8dc92a2ef34baeefb1343f67883",
        "is_verified": false,
        "line_number": 4
      },
      {
        "type": "Secret Keyword",
        "filename": "detect_secrets/test_config.py",
        "hashed_secret": "d2948def6733f8dc92a2ef34baeefb1343f67883",
        "is_verified": false,
        "line_number": 4
      },
      {
        "type": "Private Key",
        "filename": "detect_secrets/test_config.py",
        "hashed_secret": "be4fc4886bd949b369d5e092eb87494f12e57e5b",
        "is_verified": false,
        "line_number": 7
      }
    ],
    "detect_secrets/test_credentials.json": [
      {
        "type": "Secret Keyword",
        "filename": "detect_secrets/test_credentials.json",
        "hashed_secret": "bbc5def5ff61d2066dee44345c9cbd3f1446d78a",
        "is_verified": false,
        "line_number": 3
      },
      {
        "type": "Hex High Entropy String",
        "filename": "detect_secrets/test_credentials.json",
        "hashed_secret": "125fbc14773f228e72f16d55be21bad750d30b19",
        "is_verified": false,
        "line_number": 4
      },
      {
        "type": "Secret Keyword",
        "filename": "detect_secrets/test_credentials.json",
        "hashed_secret": "125fbc14773f228e72f16d55be21bad750d30b19",
        "is_verified": false,
        "line_number": 4
      },
      {
        "type": "JSON Web Token",
        "filename": "detect_secrets/test_credentials.json",
        "hashed_secret": "d6b66ddd9ea7dbe760114bfe9a97352a5e139134",
        "is_verified": false,
        "line_number": 5
      }
    ],
    "detect_secrets/test_secrets.env": [
      {
        "type": "Basic Auth Credentials",
        "filename": "detect_secrets/test_secrets.env",
        "hashed_secret": "cbfdac6008f9cab4083784cbd1874f76618d2a97",
        "is_verified": false,
        "line_number": 7
      }
    ],
    "detect_secrets/venv/lib/python3.10/site-packages/detect_secrets-1.5.0.dist-info/entry_points.txt": [
      {
        "type": "Secret Keyword",
        "filename": "detect_secrets/venv/lib/python3.10/site-packages/detect_secrets-1.5.0.dist-info/entry_points.txt",
        "hashed_secret": "a55cc495941ba0f382d3090386f5e07e63ef423d",
        "is_verified": false,
        "line_number": 2
      }
    ],
    "detect_secrets/venv/lib/python3.10/site-packages/detect_secrets/core/potential_secret.py": [
      {
        "type": "Secret Keyword",
        "filename": "detect_secrets/venv/lib/python3.10/site-packages/detect_secrets/core/potential_secret.py",
        "hashed_secret": "522bb49471c191584acd7dc2ceb42c03ca384a56",
        "is_verified": false,
        "line_number": 80
      }
    ],
    "detect_secrets/venv/lib/python3.10/site-packages/detect_secrets/main.py": [
      {
        "type": "Secret Keyword",
        "filename": "detect_secrets/venv/lib/python3.10/site-packages/detect_secrets/main.py",
        "hashed_secret": "97cdbdc7feff827efb082a6b6dd2727237cd49fd",
        "is_verified": false,
        "line_number": 96
      }
    ],
    "detect_secrets/venv/lib/python3.10/site-packages/detect_secrets/plugins/artifactory.py": [
      {
        "type": "Secret Keyword",
        "filename": "detect_secrets/venv/lib/python3.10/site-packages/detect_secrets/plugins/artifactory.py",
        "hashed_secret": "4825f8a411ba7cf9879a5f20331cab599299461a",
        "is_verified": false,
        "line_number": 8
      }
    ],
    "detect_secrets/venv/lib/python3.10/site-packages/detect_secrets/plugins/aws.py": [
      {
        "type": "Secret Keyword",
        "filename": "detect_secrets/venv/lib/python3.10/site-packages/detect_secrets/plugins/aws.py",
        "hashed_secret": "f2c45c60a2b1d2e8be265ff4b81faff4b90ac37d",
        "is_verified": false,
        "line_number": 23
      }
    ],
    "detect_secrets/venv/lib/python3.10/site-packages/detect_secrets/plugins/azure_storage_key.py": [
      {
        "type": "Secret Keyword",
        "filename": "detect_secrets/venv/lib/python3.10/site-packages/detect_secrets/plugins/azure_storage_key.py",
        "hashed_secret": "b80344e49f04ffacb0e65b37348bf05cf6435d28",
        "is_verified": false,
        "line_number": 11
      }
    ],
    "detect_secrets/venv/lib/python3.10/site-packages/detect_secrets/plugins/base.py": [
      {
        "type": "Secret Keyword",
        "filename": "detect_secrets/venv/lib/python3.10/site-packages/detect_secrets/plugins/base.py",
        "hashed_secret": "0beec7b5ea3f0fdbc95d0dd47f3c5bc275da8a33",
        "is_verified": false,
        "line_number": 156
      }
    ],
    "detect_secrets/venv/lib/python3.10/site-packages/detect_secrets/plugins/basic_auth.py": [
      {
        "type": "Secret Keyword",
        "filename": "detect_secrets/venv/lib/python3.10/site-packages/detect_secrets/plugins/basic_auth.py",
        "hashed_secret": "37b12e79df06e491c18cfe099eaf8aca6eae297c",
        "is_verified": false,
        "line_number": 17
      }
    ],
    "detect_secrets/venv/lib/python3.10/site-packages/detect_secrets/plugins/cloudant.py": [
      {
        "type": "Secret Keyword",
        "filename": "detect_secrets/venv/lib/python3.10/site-packages/detect_secrets/plugins/cloudant.py",
        "hashed_secret": "4010fd1234708a61d161d124b0cd8e0a79e9786a",
        "is_verified": false,
        "line_number": 14
      }
    ],
    "detect_secrets/venv/lib/python3.10/site-packages/detect_secrets/plugins/discord.py": [
      {
        "type": "Secret Keyword",
        "filename": "detect_secrets/venv/lib/python3.10/site-packages/detect_secrets/plugins/discord.py",
        "hashed_secret": "80e2bc3729001eef2f5b8e6bdf1632ed394aa8af",
        "is_verified": false,
        "line_number": 11
      }
    ],
    "detect_secrets/venv/lib/python3.10/site-packages/detect_secrets/plugins/github_token.py": [
      {
        "type": "Secret Keyword",
        "filename": "detect_secrets/venv/lib/python3.10/site-packages/detect_secrets/plugins/github_token.py",
        "hashed_secret": "677cedf7877737a2cb84fa055fb71200a93bd9ad",
        "is_verified": false,
        "line_number": 11
      }
    ],
    "detect_secrets/venv/lib/python3.10/site-packages/detect_secrets/plugins/gitlab_token.py": [
      {
        "type": "Secret Keyword",
        "filename": "detect_secrets/venv/lib/python3.10/site-packages/detect_secrets/plugins/gitlab_token.py",
        "hashed_secret": "ff9238b5782acd2176d54becea530127aeb3d8fe",
        "is_verified": false,
        "line_number": 12
      }
    ],
    "detect_secrets/venv/lib/python3.10/site-packages/detect_secrets/plugins/high_entropy_strings.py": [
      {
        "type": "Secret Keyword",
        "filename": "detect_secrets/venv/lib/python3.10/site-packages/detect_secrets/plugins/high_entropy_strings.py",
        "hashed_secret": "6fe31bb7eab1420120775f24ab313c585e5a0115",
        "is_verified": false,
        "line_number": 142
      },
      {
        "type": "Secret Keyword",
        "filename": "detect_secrets/venv/lib/python3.10/site-packages/detect_secrets/plugins/high_entropy_strings.py",
        "hashed_secret": "2fd896385ddd0129c48bc014dc662af63082d200",
        "is_verified": false,
        "line_number": 160
      }
    ],
    "detect_secrets/venv/lib/python3.10/site-packages/detect_secrets/plugins/ibm_cloud_iam.py": [
      {
        "type": "Secret Keyword",
        "filename": "detect_secrets/venv/lib/python3.10/site-packages/detect_secrets/plugins/ibm_cloud_iam.py",
        "hashed_secret": "bc5d769a55d08aa6f3ed3f167c058ec35376fec0",
        "is_verified": false,
        "line_number": 12
      }
    ],
    "detect_secrets/venv/lib/python3.10/site-packages/detect_secrets/plugins/ibm_cos_hmac.py": [
      {
        "type": "Secret Keyword",
        "filename": "detect_secrets/venv/lib/python3.10/site-packages/detect_secrets/plugins/ibm_cos_hmac.py",
        "hashed_secret": "5ac3c034e6f3a896546359d21cb309575717f05b",
        "is_verified": false,
        "line_number": 21
      }
    ],
    "detect_secrets/venv/lib/python3.10/site-packages/detect_secrets/plugins/ip_public.py": [
      {
        "type": "Secret Keyword",
        "filename": "detect_secrets/venv/lib/python3.10/site-packages/detect_secrets/plugins/ip_public.py",
        "hashed_secret": "0b1f769a9e28e054d7df348c98b0cba1917febb4",
        "is_verified": false,
        "line_number": 19
      }
    ],
    "detect_secrets/venv/lib/python3.10/site-packages/detect_secrets/plugins/jwt.py": [
      {
        "type": "Secret Keyword",
        "filename": "detect_secrets/venv/lib/python3.10/site-packages/detect_secrets/plugins/jwt.py",
        "hashed_secret": "932ca321c659a3b97ee2611d4c44ec5f65e2aa9c",
        "is_verified": false,
        "line_number": 14
      }
    ],
    "detect_secrets/venv/lib/python3.10/site-packages/detect_secrets/plugins/keyword.py": [
      {
        "type": "Secret Keyword",
        "filename": "detect_secrets/venv/lib/python3.10/site-packages/detect_secrets/plugins/keyword.py",
        "hashed_secret": "f32b67c7e26342af42efabc674d441dca0a281c5",
        "is_verified": false,
        "line_number": 67
      },
      {
        "type": "Secret Keyword",
        "filename": "detect_secrets/venv/lib/python3.10/site-packages/detect_secrets/plugins/keyword.py",
        "hashed_secret": "0beec7b5ea3f0fdbc95d0dd47f3c5bc275da8a33",
        "is_verified": false,
        "line_number": 122
      },
      {
        "type": "Secret Keyword",
        "filename": "detect_secrets/venv/lib/python3.10/site-packages/detect_secrets/plugins/keyword.py",
        "hashed_secret": "62cdb7020ff920e5aa642c3d4066950dd1f01f4d",
        "is_verified": false,
        "line_number": 133
      },
      {
        "type": "Secret Keyword",
        "filename": "detect_secrets/venv/lib/python3.10/site-packages/detect_secrets/plugins/keyword.py",
        "hashed_secret": "1af17e73721dbe0c40011b82ed4bb1a7dbe3ce29",
        "is_verified": false,
        "line_number": 196
      },
      {
        "type": "Secret Keyword",
        "filename": "detect_secrets/venv/lib/python3.10/site-packages/detect_secrets/plugins/keyword.py",
        "hashed_secret": "f9b72e805000a5ea310939e167b6b1c2888125f7",
        "is_verified": false,
        "line_number": 269
      }
    ],
    "detect_secrets/venv/lib/python3.10/site-packages/detect_secrets/plugins/mailchimp.py": [
      {
        "type": "Secret Keyword",
        "filename": "detect_secrets/venv/lib/python3.10/site-packages/detect_secrets/plugins/mailchimp.py",
        "hashed_secret": "35903c2a33d34d4cd19835ee9493a65fc1a7e4bc",
        "is_verified": false,
        "line_number": 15
      }
    ],
    "detect_secrets/venv/lib/python3.10/site-packages/detect_secrets/plugins/npm.py": [
      {
        "type": "Secret Keyword",
        "filename": "detect_secrets/venv/lib/python3.10/site-packages/detect_secrets/plugins/npm.py",
        "hashed_secret": "91f845de51016327363f57d22da2466cbc652314",
        "is_verified": false,
        "line_number": 11
      }
    ],
    "detect_secrets/venv/lib/python3.10/site-packages/detect_secrets/plugins/openai.py": [
      {
        "type": "Secret Keyword",
        "filename": "detect_secrets/venv/lib/python3.10/site-packages/detect_secrets/plugins/openai.py",
        "hashed_secret": "660b79d7d79f4aaa174580076ef6e079b8a81914",
        "is_verified": false,
        "line_number": 11
      }
    ],
    "detect_secrets/venv/lib/python3.10/site-packages/detect_secrets/plugins/private_key.py": [
      {
        "type": "Secret Keyword",
        "filename": "detect_secrets/venv/lib/python3.10/site-packages/detect_secrets/plugins/private_key.py",
        "hashed_secret": "ade5ddaf2557ee93225fc565adbfe1ade3bae3a0",
        "is_verified": false,
        "line_number": 40
      },
      {
        "type": "Private Key",
        "filename": "detect_secrets/venv/lib/python3.10/site-packages/detect_secrets/plugins/private_key.py",
        "hashed_secret": "daefe0b4345a654580dcad25c7c11ff4c944a8c0",
        "is_verified": false,
        "line_number": 45
      },
      {
        "type": "Private Key",
        "filename": "detect_secrets/venv/lib/python3.10/site-packages/detect_secrets/plugins/private_key.py",
        "hashed_secret": "f0778f3e140a61d5bbbed5430773e52af2f5fba4",
        "is_verified": false,
        "line_number": 46
      },
      {
        "type": "Private Key",
        "filename": "detect_secrets/venv/lib/python3.10/site-packages/detect_secrets/plugins/private_key.py",
        "hashed_secret": "27c6929aef41ae2bcadac15ca6abcaff72cda9cd",
        "is_verified": false,
        "line_number": 47
      },
      {
        "type": "Private Key",
        "filename": "detect_secrets/venv/lib/python3.10/site-packages/detect_secrets/plugins/private_key.py",
        "hashed_secret": "4ada9713ec27066b2ffe0b7bd9c9c8d635dc4ab2",
        "is_verified": false,
        "line_number": 48
      },
      {
        "type": "Private Key",
        "filename": "detect_secrets/venv/lib/python3.10/site-packages/detect_secrets/plugins/private_key.py",
        "hashed_secret": "1348b145fa1a555461c1b790a2f66614781091e9",
        "is_verified": false,
        "line_number": 49
      },
      {
        "type": "Private Key",
        "filename": "detect_secrets/venv/lib/python3.10/site-packages/detect_secrets/plugins/private_key.py",
        "hashed_secret": "be4fc4886bd949b369d5e092eb87494f12e57e5b",
        "is_verified": false,
        "line_number": 50
      },
      {
        "type": "Private Key",
        "filename": "detect_secrets/venv/lib/python3.10/site-packages/detect_secrets/plugins/private_key.py",
        "hashed_secret": "9279619d0c9a9529b0b223e3b809f4df24b8ba8b",
        "is_verified": false,
        "line_number": 51
      },
      {
        "type": "Private Key",
        "filename": "detect_secrets/venv/lib/python3.10/site-packages/detect_secrets/plugins/private_key.py",
        "hashed_secret": "11200d1bf5e1eb358b5d823c443347d97e982a85",
        "is_verified": false,
        "line_number": 52
      }
    ],
    "detect_secrets/venv/lib/python3.10/site-packages/detect_secrets/plugins/pypi_token.py": [
      {
        "type": "Secret Keyword",
        "filename": "detect_secrets/venv/lib/python3.10/site-packages/detect_secrets/plugins/pypi_token.py",
        "hashed_secret": "9b42f32269056810ecc07889f4bc0f2f20afd427",
        "is_verified": false,
        "line_number": 11
      }
    ],
    "detect_secrets/venv/lib/python3.10/site-packages/detect_secrets/plugins/sendgrid.py": [
      {
        "type": "Secret Keyword",
        "filename": "detect_secrets/venv/lib/python3.10/site-packages/detect_secrets/plugins/sendgrid.py",
        "hashed_secret": "2c59a4461d825cb06039b5b4d3edf6b83dfac044",
        "is_verified": false,
        "line_number": 11
      }
    ],
    "detect_secrets/venv/lib/python3.10/site-packages/detect_secrets/plugins/slack.py": [
      {
        "type": "Secret Keyword",
        "filename": "detect_secrets/venv/lib/python3.10/site-packages/detect_secrets/plugins/slack.py",
        "hashed_secret": "f53d14b97c7cdfa2eaac4b240c8ff4876a47640a",
        "is_verified": false,
        "line_number": 17
      }
    ],
    "detect_secrets/venv/lib/python3.10/site-packages/detect_secrets/plugins/softlayer.py": [
      {
        "type": "Secret Keyword",
        "filename": "detect_secrets/venv/lib/python3.10/site-packages/detect_secrets/plugins/softlayer.py",
        "hashed_secret": "d5d8ace6d124d2522a81bfae43b01b5c905dc2b8",
        "is_verified": false,
        "line_number": 14
      }
    ],
    "detect_secrets/venv/lib/python3.10/site-packages/detect_secrets/plugins/square_oauth.py": [
      {
        "type": "Secret Keyword",
        "filename": "detect_secrets/venv/lib/python3.10/site-packages/detect_secrets/plugins/square_oauth.py",
        "hashed_secret": "cc357703e7cb9f49dabce90321937ace687b20f0",
        "is_verified": false,
        "line_number": 8
      }
    ],
    "detect_secrets/venv/lib/python3.10/site-packages/detect_secrets/plugins/stripe.py": [
      {
        "type": "Secret Keyword",
        "filename": "detect_secrets/venv/lib/python3.10/site-packages/detect_secrets/plugins/stripe.py",
        "hashed_secret": "b4685568c7c8d5d49451a187014711ebc75f70af",
        "is_verified": false,
        "line_number": 12
      }
    ],
    "detect_secrets/venv/lib/python3.10/site-packages/detect_secrets/plugins/telegram_token.py": [
      {
        "type": "Secret Keyword",
        "filename": "detect_secrets/venv/lib/python3.10/site-packages/detect_secrets/plugins/telegram_token.py",
        "hashed_secret": "abfd5b9f85b54e77c61438784d766292e3a7f46b",
        "is_verified": false,
        "line_number": 14
      }
    ],
    "detect_secrets/venv/lib/python3.10/site-packages/detect_secrets/plugins/twilio.py": [
      {
        "type": "Secret Keyword",
        "filename": "detect_secrets/venv/lib/python3.10/site-packages/detect_secrets/plugins/twilio.py",
        "hashed_secret": "688ecd55118006d5bad4cd43f4a26a98a06bec19",
        "is_verified": false,
        "line_number": 11
      },
      {
        "type": "Twilio API Key",
        "filename": "detect_secrets/venv/lib/python3.10/site-packages/detect_secrets/plugins/twilio.py",
        "hashed_secret": "3c7206eff845bc69cf12d904d0f95f9aec15535e",
        "is_verified": false,
        "line_number": 14
      },
      {
        "type": "Twilio API Key",
        "filename": "detect_secrets/venv/lib/python3.10/site-packages/detect_secrets/plugins/twilio.py",
        "hashed_secret": "34c2246140bc39b1fce81d9be2124f713a06bdaf",
        "is_verified": false,
        "line_number": 17
      }
    ],
    "detect_secrets/venv/lib/python3.10/site-packages/pip/_vendor/urllib3/util/url.py": [
      {
        "type": "Basic Auth Credentials",
        "filename": "detect_secrets/venv/lib/python3.10/site-packages/pip/_vendor/urllib3/util/url.py",
        "hashed_secret": "5baa61e4c9b93f3f0682250b6cf8331b7ee68fd8",
        "is_verified": false,
        "line_number": 148
      }
    ],
    "detect_secrets/venv/lib/python3.10/site-packages/urllib3/util/url.py": [
      {
        "type": "Basic Auth Credentials",
        "filename": "detect_secrets/venv/lib/python3.10/site-packages/urllib3/util/url.py",
        "hashed_secret": "5baa61e4c9b93f3f0682250b6cf8331b7ee68fd8",
        "is_verified": false,
        "line_number": 186
      }
    ],
    "htmlcov/status.json": [
      {
        "type": "Hex High Entropy String",
        "filename": "htmlcov/status.json",
        "hashed_secret": "01eebbd98677360d36e5f0a9db09af88d01ae6d4",
        "is_verified": false,
        "line_number": 1
      },
      {
        "type": "Hex High Entropy String",
        "filename": "htmlcov/status.json",
        "hashed_secret": "1e155532aca8e6bea107203ad53b7d4df040d40b",
        "is_verified": false,
        "line_number": 1
      },
      {
        "type": "Hex High Entropy String",
        "filename": "htmlcov/status.json",
        "hashed_secret": "2e18d4d3bbe5c324f621258491cf3d1fb8c280cc",
        "is_verified": false,
        "line_number": 1
      },
      {
        "type": "Base64 High Entropy String",
        "filename": "htmlcov/status.json",
        "hashed_secret": "377cf5ae249aee6918c15e8c10b7d25bda901c71",
        "is_verified": false,
        "line_number": 1
      },
      {
        "type": "Hex High Entropy String",
        "filename": "htmlcov/status.json",
        "hashed_secret": "43c6d7ab1c7a59909d9d7bc8690c5abb1f713f5b",
        "is_verified": false,
        "line_number": 1
      },
      {
        "type": "Hex High Entropy String",
        "filename": "htmlcov/status.json",
        "hashed_secret": "4790f56ede15859d2dde5b318a3b1566d05f6dd0",
        "is_verified": false,
        "line_number": 1
      },
      {
        "type": "Hex High Entropy String",
        "filename": "htmlcov/status.json",
        "hashed_secret": "51209072f088b831e5c7e3e6195e49046ddf32ad",
        "is_verified": false,
        "line_number": 1
      },
      {
        "type": "Hex High Entropy String",
        "filename": "htmlcov/status.json",
        "hashed_secret": "517666880fd9f9a253e008f61c8cad385513e2be",
        "is_verified": false,
        "line_number": 1
      },
      {
        "type": "Hex High Entropy String",
        "filename": "htmlcov/status.json",
        "hashed_secret": "70861e5fa9c439fa3e115d8428004b9d5a0726d0",
        "is_verified": false,
        "line_number": 1
      },
      {
        "type": "Hex High Entropy String",
        "filename": "htmlcov/status.json",
        "hashed_secret": "82808f86a76e16254ea4de130438346e31a8ef37",
        "is_verified": false,
        "line_number": 1
      },
      {
        "type": "Hex High Entropy String",
        "filename": "htmlcov/status.json",
        "hashed_secret": "8808e18d0cb0fec9d013dbcd8c7ba45486d17dcb",
        "is_verified": false,
        "line_number": 1
      },
      {
        "type": "Hex High Entropy String",
        "filename": "htmlcov/status.json",
        "hashed_secret": "951d01d2a07d545c9e2f366662832811e513fc21",
        "is_verified": false,
        "line_number": 1
      },
      {
        "type": "Hex High Entropy String",
        "filename": "htmlcov/status.json",
        "hashed_secret": "986f42af2edfd0c5e236fc5a04f187761b201cec",
        "is_verified": false,
        "line_number": 1
      },
      {
        "type": "Hex High Entropy String",
        "filename": "htmlcov/status.json",
        "hashed_secret": "9b3b15e071845f4a4f3d6598ae359ff0ea026978",
        "is_verified": false,
        "line_number": 1
      },
      {
        "type": "Hex High Entropy String",
        "filename": "htmlcov/status.json",
        "hashed_secret": "ad9d7e11176295b5e949530490af91c557858bf4",
        "is_verified": false,
        "line_number": 1
      },
      {
        "type": "Hex High Entropy String",
        "filename": "htmlcov/status.json",
        "hashed_secret": "afcaf79133402426b285f4164ab97e6a3a330068",
        "is_verified": false,
        "line_number": 1
      },
      {
        "type": "Hex High Entropy String",
        "filename": "htmlcov/status.json",
        "hashed_secret": "b155466c1e04bda8a2678a54864476b7dacb98f3",
        "is_verified": false,
        "line_number": 1
      },
      {
        "type": "Hex High Entropy String",
        "filename": "htmlcov/status.json",
        "hashed_secret": "b832bd49b6fa5b52a922e3f800a659250fdfd670",
        "is_verified": false,
        "line_number": 1
      },
      {
        "type": "Hex High Entropy String",
        "filename": "htmlcov/status.json",
        "hashed_secret": "c8f96331fba7453984d60c1ec561dd94557ae9bb",
        "is_verified": false,
        "line_number": 1
      },
      {
        "type": "Hex High Entropy String",
        "filename": "htmlcov/status.json",
        "hashed_secret": "e647c76a7697ad41f4c096ae28e5e9e8695f131a",
        "is_verified": false,
        "line_number": 1
      },
      {
        "type": "Hex High Entropy String",
        "filename": "htmlcov/status.json",
        "hashed_secret": "ed74af5cf1f0c6fe814d11ddc233f56fef6e7abb",
        "is_verified": false,
        "line_number": 1
      },
      {
        "type": "Hex High Entropy String",
        "filename": "htmlcov/status.json",
        "hashed_secret": "f49682cc41f2be7627b76306766814c058e615f4",
        "is_verified": false,
        "line_number": 1
      }
    ],
    "mcp-chatgpt-server/.env": [
      {
        "type": "OpenAI Token",
        "filename": "mcp-chatgpt-server/.env",
        "hashed_secret": "103c093ddf699555dbf7b0ef60620e6d3ad189a9",
        "is_verified": false,
        "line_number": 2
      }
    ],
    "mcp-chatgpt-server/README.md": [
      {
        "type": "Secret Keyword",
        "filename": "mcp-chatgpt-server/README.md",
        "hashed_secret": "6a01df300e8fdc808a9e5ff43e165e08a4bcb06c",
        "is_verified": false,
        "line_number": 25
      }
    ],
    "mcp-chatgpt-server/build/cli/research.js": [
      {
        "type": "Secret Keyword",
        "filename": "mcp-chatgpt-server/build/cli/research.js",
        "hashed_secret": "bad20ce8953a58e8c0e634c770cbd5ab0644b617",
        "is_verified": false,
        "line_number": 65
      }
    ],
    "mcp-chatgpt-server/src/cli/research.ts": [
      {
        "type": "Secret Keyword",
        "filename": "mcp-chatgpt-server/src/cli/research.ts",
        "hashed_secret": "bad20ce8953a58e8c0e634c770cbd5ab0644b617",
        "is_verified": false,
        "line_number": 74
      }
    ],
    "token.json": [
      {
        "type": "Base64 High Entropy String",
        "filename": "token.json",
        "hashed_secret": "502267de2c45687249a40ee763b7dba2eb0b6a71",
        "is_verified": false,
        "line_number": 1
      }
    ]
  },
  "generated_at": "2026-02-16T11:01:17Z"
}
